<?xml version="1.0" encoding="utf-8"?><testsuites name="pytest tests"><testsuite name="pytest" errors="0" failures="0" skipped="0" tests="88" time="0.250" timestamp="2026-03-22T07:23:40.209281+03:00" hostname="thkpdfcml"><testcase classname="tests.test_cells.TestExtractCellId" name="test_none_result" file="tests/test_cells.py" line="6" time="0.001" /><testcase classname="tests.test_cells.TestExtractCellId" name="test_non_dict_result" file="tests/test_cells.py" line="9" time="0.001" /><testcase classname="tests.test_cells.TestExtractCellId" name="test_empty_content" file="tests/test_cells.py" line="13" time="0.000" /><testcase classname="tests.test_cells.TestExtractCellId" name="test_structured_new_cell_id" file="tests/test_cells.py" line="16" time="0.000" /><testcase classname="tests.test_cells.TestExtractCellId" name="test_raw_text_fallback" file="tests/test_cells.py" line="20" time="0.000" /><testcase classname="tests.test_cells.TestExtractCellId" name="test_strips_whitespace" file="tests/test_cells.py" line="24" time="0.000" /><testcase classname="tests.test_cells.TestExtractCellId" name="test_skips_empty_text" file="tests/test_cells.py" line="28" time="0.000" /><testcase classname="tests.test_cells.TestExtractCellId" name="test_skips_non_dict_items" file="tests/test_cells.py" line="32" time="0.000" /><testcase classname="tests.test_cells.TestExtractCellId" name="test_json_dict_without_new_cell_id" file="tests/test_cells.py" line="36" time="0.000" /><testcase classname="tests.test_cells.TestExtractCellId" name="test_non_list_content" file="tests/test_cells.py" line="41" time="0.000" /><testcase classname="tests.test_cells.TestExtractCells" name="test_none_result" file="tests/test_cells.py" line="47" time="0.000" /><testcase classname="tests.test_cells.TestExtractCells" name="test_non_dict_result" file="tests/test_cells.py" line="50" time="0.000" /><testcase classname="tests.test_cells.TestExtractCells" name="test_structured_content_cells" file="tests/test_cells.py" line="53" time="0.000" /><testcase classname="tests.test_cells.TestExtractCells" name="test_content_json_with_cells_key" file="tests/test_cells.py" line="59" time="0.000" /><testcase classname="tests.test_cells.TestExtractCells" name="test_content_json_list" file="tests/test_cells.py" line="69" time="0.001" /><testcase classname="tests.test_cells.TestExtractCells" name="test_invalid_json_in_content" file="tests/test_cells.py" line="79" time="0.000" /><testcase classname="tests.test_cells.TestExtractCells" name="test_empty_structured_content_returns_empty" file="tests/test_cells.py" line="86" time="0.000" /><testcase classname="tests.test_cells.TestExtractCells" name="test_non_list_structured_cells_falls_through" file="tests/test_cells.py" line="91" time="0.000" /><testcase classname="tests.test_cells.TestExtractCells" name="test_non_dict_structured_content_falls_through" file="tests/test_cells.py" line="102" time="0.000" /><testcase classname="tests.test_cells.TestExtractCells" name="test_content_with_non_dict_items" file="tests/test_cells.py" line="112" time="0.000" /><testcase classname="tests.test_cells.TestExtractCells" name="test_content_with_empty_text" file="tests/test_cells.py" line="116" time="0.000" /><testcase classname="tests.test_cells.TestExtractCells" name="test_json_dict_without_cells_key_continues_loop" file="tests/test_cells.py" line="120" time="0.000" /><testcase classname="tests.test_cells.TestExtractCells" name="test_non_list_content" file="tests/test_cells.py" line="134" time="0.000" /><testcase classname="tests.test_cells.TestJoinSource" name="test_string_passthrough" file="tests/test_cells.py" line="140" time="0.000" /><testcase classname="tests.test_cells.TestJoinSource" name="test_list_join" file="tests/test_cells.py" line="143" time="0.000" /><testcase classname="tests.test_cells.TestJoinSource" name="test_empty_list" file="tests/test_cells.py" line="146" time="0.000" /><testcase classname="tests.test_cells.TestJoinSource" name="test_non_string_non_list" file="tests/test_cells.py" line="149" time="0.000" /><testcase classname="tests.test_config.TestConfigPaths" name="test_config_dir_is_path" file="tests/test_config.py" line="15" time="0.000" /><testcase classname="tests.test_config.TestConfigPaths" name="test_server_state_path" file="tests/test_config.py" line="19" time="0.000" /><testcase classname="tests.test_config.TestEnsureConfigDir" name="test_creates_dir" file="tests/test_config.py" line="25" time="0.002" /><testcase classname="tests.test_config.TestEnsureConfigDir" name="test_idempotent" file="tests/test_config.py" line="38" time="0.001" /><testcase classname="tests.test_config.TestSettings" name="test_load_settings_no_file" file="tests/test_config.py" line="53" time="0.001" /><testcase classname="tests.test_config.TestSettings" name="test_save_and_load_settings" file="tests/test_config.py" line="58" time="0.001" /><testcase classname="tests.test_config.TestSettings" name="test_get_setting_default" file="tests/test_config.py" line="74" time="0.001" /><testcase classname="tests.test_config.TestSettings" name="test_set_and_get_setting" file="tests/test_config.py" line="79" time="0.001" /><testcase classname="tests.test_history_cli.TestHistoryList" name="test_list_empty" file="tests/test_history_cli.py" line="9" time="0.002" /><testcase classname="tests.test_history_cli.TestHistoryList" name="test_list_with_entries" file="tests/test_history_cli.py" line="17" time="0.001" /><testcase classname="tests.test_history_cli.TestHistoryList" name="test_list_human_output" file="tests/test_history_cli.py" line="41" time="0.001" /><testcase classname="tests.test_history_cli.TestHistoryShow" name="test_show_existing" file="tests/test_history_cli.py" line="50" time="0.001" /><testcase classname="tests.test_history_cli.TestHistoryShow" name="test_show_nonexistent" file="tests/test_history_cli.py" line="65" time="0.001" /><testcase classname="tests.test_history_cli.TestHistoryClear" name="test_clear_with_confirmation" file="tests/test_history_cli.py" line="73" time="0.001" /><testcase classname="tests.test_history_cli.TestHistoryClear" name="test_clear_empty" file="tests/test_history_cli.py" line="80" time="0.001" /><testcase classname="tests.test_history_cli.TestHistoryClear" name="test_clear_aborted" file="tests/test_history_cli.py" line="87" time="0.001" /><testcase classname="tests.test_history_cli.TestHistoryPath" name="test_path" file="tests/test_history_cli.py" line="93" time="0.001" /><testcase classname="tests.test_history_cli.TestHistoryToggle" name="test_disable" file="tests/test_history_cli.py" line="101" time="0.001" /><testcase classname="tests.test_history_cli.TestHistoryToggle" name="test_enable" file="tests/test_history_cli.py" line="109" time="0.001" /><testcase classname="tests.test_history_core.TestIsHistoryEnabled" name="test_default_enabled" file="tests/test_history_core.py" line="21" time="0.001" /><testcase classname="tests.test_history_core.TestIsHistoryEnabled" name="test_disabled" file="tests/test_history_core.py" line="25" time="0.001" /><testcase classname="tests.test_history_core.TestIsHistoryEnabled" name="test_missing_setting_defaults_true" file="tests/test_history_core.py" line="29" time="0.000" /><testcase classname="tests.test_history_core.TestRecordNotebookEvent" name="test_record_new_notebook" file="tests/test_history_core.py" line="35" time="0.001" /><testcase classname="tests.test_history_core.TestRecordNotebookEvent" name="test_record_increments_access_count" file="tests/test_history_core.py" line="53" time="0.001" /><testcase classname="tests.test_history_core.TestRecordNotebookEvent" name="test_record_with_endpoint" file="tests/test_history_core.py" line="68" time="0.001" /><testcase classname="tests.test_history_core.TestRecordNotebookEvent" name="test_record_disabled" file="tests/test_history_core.py" line="80" time="0.001" /><testcase classname="tests.test_history_core.TestRecordNotebookEvent" name="test_record_multiple_notebooks" file="tests/test_history_core.py" line="90" time="0.001" /><testcase classname="tests.test_history_core.TestGetHistory" name="test_empty_history" file="tests/test_history_core.py" line="104" time="0.001" /><testcase classname="tests.test_history_core.TestGetHistory" name="test_get_notebook_history_missing" file="tests/test_history_core.py" line="109" time="0.001" /><testcase classname="tests.test_history_core.TestClearHistory" name="test_clear_existing" file="tests/test_history_core.py" line="115" time="0.001" /><testcase classname="tests.test_history_core.TestClearHistory" name="test_clear_nonexistent" file="tests/test_history_core.py" line="122" time="0.001" /><testcase classname="tests.test_history_core.TestGetHistoryPath" name="test_returns_path" file="tests/test_history_core.py" line="128" time="0.000" /><testcase classname="tests.test_main.TestCli" name="test_help" file="tests/test_main.py" line="6" time="0.002" /><testcase classname="tests.test_main.TestCli" name="test_json_flag" file="tests/test_main.py" line="11" time="0.001" /><testcase classname="tests.test_main.TestCli" name="test_start_help" file="tests/test_main.py" line="15" time="0.001" /><testcase classname="tests.test_main.TestCli" name="test_stop_help" file="tests/test_main.py" line="19" time="0.001" /><testcase classname="tests.test_main.TestCli" name="test_status_help" file="tests/test_main.py" line="23" time="0.001" /><testcase classname="tests.test_main.TestCli" name="test_exec_help" file="tests/test_main.py" line="27" time="0.001" /><testcase classname="tests.test_main.TestCli" name="test_repl_help" file="tests/test_main.py" line="31" time="0.001" /><testcase classname="tests.test_main.TestCli" name="test_download_help" file="tests/test_main.py" line="35" time="0.001" /><testcase classname="tests.test_main.TestCli" name="test_tools_help" file="tests/test_main.py" line="39" time="0.001" /><testcase classname="tests.test_main.TestCli" name="test_history_help" file="tests/test_main.py" line="43" time="0.001" /><testcase classname="tests.test_output.TestFormatOutput" name="test_dict_json" file="tests/test_output.py" line="14" time="0.000" /><testcase classname="tests.test_output.TestFormatOutput" name="test_dict_human" file="tests/test_output.py" line="19" time="0.000" /><testcase classname="tests.test_output.TestFormatOutput" name="test_list_json" file="tests/test_output.py" line="23" time="0.000" /><testcase classname="tests.test_output.TestFormatOutput" name="test_list_human" file="tests/test_output.py" line="28" time="0.000" /><testcase classname="tests.test_output.TestFormatOutput" name="test_empty_list_human" file="tests/test_output.py" line="34" time="0.000" /><testcase classname="tests.test_output.TestFormatOutput" name="test_nested_dict_human" file="tests/test_output.py" line="38" time="0.000" /><testcase classname="tests.test_output.TestFormatOutput" name="test_nested_list_in_dict_human" file="tests/test_output.py" line="43" time="0.000" /><testcase classname="tests.test_output.TestFormatOutput" name="test_pydantic_model" file="tests/test_output.py" line="47" time="0.000" /><testcase classname="tests.test_output.TestFormatOutput" name="test_pydantic_model_human" file="tests/test_output.py" line="54" time="0.000" /><testcase classname="tests.test_output.TestFormatOutput" name="test_scalar_human" file="tests/test_output.py" line="59" time="0.001" /><testcase classname="tests.test_output.TestFormatOutput" name="test_scalar_json" file="tests/test_output.py" line="63" time="0.000" /><testcase classname="tests.test_output.TestPrintOutput" name="test_print_json" file="tests/test_output.py" line="69" time="0.000" /><testcase classname="tests.test_output.TestPrintOutput" name="test_print_human" file="tests/test_output.py" line="75" time="0.000" /><testcase classname="tests.test_output.TestPrintError" name="test_error_json" file="tests/test_output.py" line="82" time="0.001" /><testcase classname="tests.test_output.TestPrintError" name="test_error_human" file="tests/test_output.py" line="96" time="0.000" /><testcase classname="tests.test_qr.TestRenderQr" name="test_returns_none_when_qrcode_not_installed" file="tests/test_qr.py" line="7" time="0.000" /><testcase classname="tests.test_qr.TestRenderQr" name="test_renders_qr_code" file="tests/test_qr.py" line="12" time="0.001" /><testcase classname="tests.test_qr.TestRenderQr" name="test_calls_qrcode_with_correct_params" file="tests/test_qr.py" line="32" time="0.001" /><testcase classname="tests.test_qr.TestRenderQr" name="test_empty_matrix" file="tests/test_qr.py" line="46" time="0.001" /></testsuite></testsuites>
